
 line       object           ucode  source program

   1    (35  262    2)     main       proc    262     2       2
   2    (38    2    1)                sym     2       1       1
   3    (38    2    2)                sym     2       2       255
   4    (38    2  257)                sym     2       257     1
   5    (38    2  258)                sym     2       258     1
   6    (38    2  259)                sym     2       259     1
   7    (38    2  260)                sym     2       260     1
   8    (38    2  261)                sym     2       261     1
   9    (38    2  262)                sym     2       262     1
  10    (34          )     $$0        nop
  11    (20    1     )                ldc     1
  12    (28  144     )                fjp     $$1
  13    (23          )                ldp
  14    (21    2    1)                lda     2       1
  15    (29   -1     )                call    read
  16    (19    2    1)                lod     2       1
  17    (20    0     )                ldc     0
  18    (17          )                eq
  19    (28   21     )                fjp     $$2
  20    (30          )                ret
  21    (34          )     $$2        nop
  22    (19    2    1)                lod     2       1
  23    (20    2     )                ldc     2
  24    (10          )                mod
  25    (20    1     )                ldc     1
  26    (17          )                eq
  27    (19    2    1)                lod     2       1
  28    (20    3     )                ldc     3
  29    (15          )                ge
  30    (11          )                and
  31    (19    2    1)                lod     2       1
  32    (20   15     )                ldc     15
  33    (16          )                le
  34    (11          )                and
  35    (28  142     )                fjp     $$3
  36    (19    2    1)                lod     2       1
  37    (20    1     )                ldc     1
  38    ( 6          )                add
  39    (20    2     )                ldc     2
  40    ( 9          )                div
  41    (24    2  257)                str     2       257
  42    (19    2  257)                lod     2       257
  43    (24    2  259)                str     2       259
  44    (20    1     )                ldc     1
  45    (24    2  258)                str     2       258
  46    (20    0     )                ldc     0
  47    (24    2  260)                str     2       260
  48    (20    0     )                ldc     0
  49    (24    2  262)                str     2       262
  50    (34          )     $$4        nop
  51    (19    2  262)                lod     2       262
  52    (19    2    1)                lod     2       1
  53    (19    2    1)                lod     2       1
  54    ( 8          )                mult
  55    (14          )                lt
  56    (28  105     )                fjp     $$5
  57    (19    2  258)                lod     2       258
  58    (19    2    1)                lod     2       1
  59    ( 8          )                mult
  60    (19    2  259)                lod     2       259
  61    ( 6          )                add
  62    (21    2    2)                lda     2       2
  63    ( 6          )                add
  64    (19    2  260)                lod     2       260
  65    ( 2          )                inc
  66    ( 4          )                dup
  67    (24    2  260)                str     2       260
  68    (25          )                sti
  69    (19    2  260)                lod     2       260
  70    (19    2    1)                lod     2       1
  71    (10          )                mod
  72    (20    0     )                ldc     0
  73    (17          )                eq
  74    (28   79     )                fjp     $$6
  75    (19    2  258)                lod     2       258
  76    ( 2          )                inc
  77    (24    2  258)                str     2       258
  78    (26   86     )                ujp     $$7
  79    (34          )     $$6        nop
  80    (19    2  258)                lod     2       258
  81    ( 3          )                dec
  82    (24    2  258)                str     2       258
  83    (19    2  259)                lod     2       259
  84    ( 2          )                inc
  85    (24    2  259)                str     2       259
  86    (34          )     $$7        nop
  87    (19    2  258)                lod     2       258
  88    (20    1     )                ldc     1
  89    (14          )                lt
  90    (28   93     )                fjp     $$8
  91    (19    2    1)                lod     2       1
  92    (24    2  258)                str     2       258
  93    (34          )     $$8        nop
  94    (19    2  259)                lod     2       259
  95    (19    2    1)                lod     2       1
  96    (13          )                gt
  97    (28  100     )                fjp     $$9
  98    (20    1     )                ldc     1
  99    (24    2  259)                str     2       259
 100    (34          )     $$9        nop
 101    (19    2  262)                lod     2       262
 102    ( 2          )                inc
 103    (24    2  262)                str     2       262
 104    (26   50     )                ujp     $$4
 105    (34          )     $$5        nop
 106    (20    1     )                ldc     1
 107    (24    2  258)                str     2       258
 108    (34          )     $$10       nop
 109    (19    2  258)                lod     2       258
 110    (19    2    1)                lod     2       1
 111    (16          )                le
 112    (28  140     )                fjp     $$11
 113    (20    1     )                ldc     1
 114    (24    2  259)                str     2       259
 115    (34          )     $$12       nop
 116    (19    2  259)                lod     2       259
 117    (19    2    1)                lod     2       1
 118    (16          )                le
 119    (28  134     )                fjp     $$13
 120    (23          )                ldp
 121    (19    2  258)                lod     2       258
 122    (19    2    1)                lod     2       1
 123    ( 8          )                mult
 124    (19    2  259)                lod     2       259
 125    ( 6          )                add
 126    (21    2    2)                lda     2       2
 127    ( 6          )                add
 128    (22          )                ldi
 129    (29   -2     )                call    write
 130    (19    2  259)                lod     2       259
 131    ( 2          )                inc
 132    (24    2  259)                str     2       259
 133    (26  115     )                ujp     $$12
 134    (34          )     $$13       nop
 135    (29   -3     )                call    lf
 136    (19    2  258)                lod     2       258
 137    ( 2          )                inc
 138    (24    2  258)                str     2       258
 139    (26  108     )                ujp     $$10
 140    (34          )     $$11       nop
 141    (29   -3     )                call    lf
 142    (34          )     $$3        nop
 143    (26   10     )                ujp     $$0
 144    (34          )     $$1        nop
 145    (36          )                end
 146    (37    0     )                bgn     0
 147    (23          )                ldp
 148    (29    1     )                call    main
 149    (36          )                end


   ****    Result    ****

 8 1 6
 3 5 7
 4 9 2

 17 24 1 8 15
 23 5 7 14 16
 4 6 13 20 22
 10 12 19 21 3
 11 18 25 2 9

 122 139 156 173 190 207 224 1 18 35 52 69 86 103 120
 138 155 172 189 206 223 15 17 34 51 68 85 102 119 121
 154 171 188 205 222 14 16 33 50 67 84 101 118 135 137
 170 187 204 221 13 30 32 49 66 83 100 117 134 136 153
 186 203 220 12 29 31 48 65 82 99 116 133 150 152 169
 202 219 11 28 45 47 64 81 98 115 132 149 151 168 185
 218 10 27 44 46 63 80 97 114 131 148 165 167 184 201
 9 26 43 60 62 79 96 113 130 147 164 166 183 200 217
 25 42 59 61 78 95 112 129 146 163 180 182 199 216 8
 41 58 75 77 94 111 128 145 162 179 181 198 215 7 24
 57 74 76 93 110 127 144 161 178 195 197 214 6 23 40
 73 90 92 109 126 143 160 177 194 196 213 5 22 39 56
 89 91 108 125 142 159 176 193 210 212 4 21 38 55 72
 105 107 124 141 158 175 192 209 211 3 20 37 54 71 88
 106 123 140 157 174 191 208 225 2 19 36 53 70 87 104




             ##### Statistics #####


    ****  Static Instruction Counts  ****

inc    =  6       dec    =  1       dup    =  1       add    =  5       
mult   =  3       div    =  1       mod    =  2       and    =  2       
gt     =  1       lt     =  2       ge     =  1       le     =  3       
eq     =  3       lod    =  32      ldc    =  16      lda    =  3       
ldi    =  1       ldp    =  3       str    =  16      sti    =  1       
ujp    =  5       fjp    =  9       call   =  5       ret    =  1       
nop    =  14      proc   =  1       end    =  2       bgn    =  1       
sym    =  8       

    ****  Dynamic instruction counts  ****

inc    =  1059      dec    =  236       dup    =  259       add    =  1039      
mult   =  780       div    =  3         mod    =  267       and    =  16        
gt     =  259       lt     =  521       ge     =  8         le     =  316       
eq     =  276       lod    =  5605      ldc    =  629       lda    =  527       
ldi    =  259       ldp    =  269       str    =  1376      sti    =  259       
ujp    =  572       fjp    =  1373      call   =  295       ret    =  1         
nop    =  1637      proc   =  1         end    =  1         bgn    =  1         
sym    =  8         

 Executable instruction count  =   16205

 Total execution cycle         =   183655
