
 line       object           ucode  source program

   1    (35  263    2)     main       proc    263     2       2
   2    (38    2    1)                sym     2       1       1
   3    (38    2    2)                sym     2       2       256
   4    (38    2  258)                sym     2       258     1
   5    (38    2  259)                sym     2       259     1
   6    (38    2  260)                sym     2       260     1
   7    (38    2  261)                sym     2       261     1
   8    (38    2  262)                sym     2       262     1
   9    (38    2  263)                sym     2       263     1
  10    (20    1     )                ldc     1
  11    (24    2  262)                str     2       262
  12    (34          )     $$0        nop
  13    (19    2  262)                lod     2       262
  14    (20    1     )                ldc     1
  15    (17          )                eq
  16    (28   44     )                fjp     $$1
  17    (23          )                ldp
  18    (21    2    1)                lda     2       1
  19    (29   -1     )                call    read
  20    (19    2    1)                lod     2       1
  21    (20    0     )                ldc     0
  22    (17          )                eq
  23    (28   25     )                fjp     $$2
  24    (30          )                ret
  25    (34          )     $$2        nop
  26    (19    2    1)                lod     2       1
  27    (20    2     )                ldc     2
  28    (10          )                mod
  29    (20    1     )                ldc     1
  30    (17          )                eq
  31    (19    2    1)                lod     2       1
  32    (20    3     )                ldc     3
  33    (15          )                ge
  34    (11          )                and
  35    (19    2    1)                lod     2       1
  36    (20   15     )                ldc     15
  37    (16          )                le
  38    (11          )                and
  39    (28   42     )                fjp     $$3
  40    (20    0     )                ldc     0
  41    (24    2  262)                str     2       262
  42    (34          )     $$3        nop
  43    (26   12     )                ujp     $$0
  44    (34          )     $$1        nop
  45    (19    2    1)                lod     2       1
  46    (20    1     )                ldc     1
  47    ( 6          )                add
  48    (20    2     )                ldc     2
  49    ( 9          )                div
  50    (24    2  258)                str     2       258
  51    (19    2  258)                lod     2       258
  52    (24    2  260)                str     2       260
  53    (20    1     )                ldc     1
  54    (24    2  259)                str     2       259
  55    (20    0     )                ldc     0
  56    (24    2  261)                str     2       261
  57    (20    0     )                ldc     0
  58    (24    2  263)                str     2       263
  59    (34          )     $$4        nop
  60    (19    2  263)                lod     2       263
  61    (19    2    1)                lod     2       1
  62    (19    2    1)                lod     2       1
  63    ( 8          )                mult
  64    (14          )                lt
  65    (28  114     )                fjp     $$5
  66    (19    2  259)                lod     2       259
  67    (19    2    1)                lod     2       1
  68    ( 8          )                mult
  69    (19    2  260)                lod     2       260
  70    ( 6          )                add
  71    (21    2    2)                lda     2       2
  72    ( 6          )                add
  73    (19    2  261)                lod     2       261
  74    ( 2          )                inc
  75    ( 4          )                dup
  76    (24    2  261)                str     2       261
  77    (25          )                sti
  78    (19    2  261)                lod     2       261
  79    (19    2    1)                lod     2       1
  80   